// Jest Snapshot v1, https://goo.gl/fbAQLP

exports[`match snapshot with no params 1`] = `<DocumentFragment />`;

exports[`match snapshot with params 1`] = `<DocumentFragment />`;

exports[`match snapshot with sm and lg 1`] = `<DocumentFragment />`;
